127.0.0.1 - - [01/Oct/2022:12:51:28 +0530] "GET / HTTP/1.1" 404 751
0:0:0:0:0:0:0:1 - - [01/Oct/2022:12:51:28 +0530] "GET /servlet-web-component/ HTTP/1.1" 304 -
0:0:0:0:0:0:0:1 - - [01/Oct/2022:12:51:29 +0530] "GET /favicon.ico HTTP/1.1" 404 762
0:0:0:0:0:0:0:1 - - [01/Oct/2022:12:51:37 +0530] "GET /servlet-web-component/hello.view HTTP/1.1" 200 167
0:0:0:0:0:0:0:1 - - [01/Oct/2022:12:51:41 +0530] "GET /servlet-web-component/login.html HTTP/1.1" 200 765
0:0:0:0:0:0:0:1 - - [01/Oct/2022:12:52:06 +0530] "POST /servlet-web-component/login HTTP/1.1" 200 127
127.0.0.1 - - [01/Oct/2022:12:55:25 +0530] "GET / HTTP/1.1" 404 751
0:0:0:0:0:0:0:1 - - [01/Oct/2022:12:55:38 +0530] "POST /servlet-web-component/login HTTP/1.1" 200 127
0:0:0:0:0:0:0:1 - - [01/Oct/2022:12:56:52 +0530] "GET /servlet-web-component/hello.view HTTP/1.1" 200 167
127.0.0.1 - - [01/Oct/2022:15:07:14 +0530] "GET / HTTP/1.1" 404 751
0:0:0:0:0:0:0:1 - - [01/Oct/2022:15:07:18 +0530] "GET /servlet-web-component/hello.view HTTP/1.1" 200 167
0:0:0:0:0:0:0:1 - - [01/Oct/2022:15:07:28 +0530] "POST /servlet-web-component/login HTTP/1.1" 200 127
0:0:0:0:0:0:0:1 - - [01/Oct/2022:15:08:24 +0530] "POST /servlet-web-component/login HTTP/1.1" 200 127
127.0.0.1 - - [01/Oct/2022:15:13:20 +0530] "GET / HTTP/1.1" 404 751
0:0:0:0:0:0:0:1 - - [01/Oct/2022:15:13:30 +0530] "POST /servlet-web-component/login HTTP/1.1" 200 127
0:0:0:0:0:0:0:1 - - [01/Oct/2022:15:15:17 +0530] "POST /servlet-web-component/login HTTP/1.1" 200 115
127.0.0.1 - - [01/Oct/2022:15:15:56 +0530] "GET / HTTP/1.1" 404 751
0:0:0:0:0:0:0:1 - - [01/Oct/2022:15:15:57 +0530] "GET /session-object/ HTTP/1.1" 404 770
0:0:0:0:0:0:0:1 - - [01/Oct/2022:15:16:26 +0530] "GET /url-rewriting/ HTTP/1.1" 404 769
0:0:0:0:0:0:0:1 - - [01/Oct/2022:15:16:26 +0530] "GET /favicon.ico HTTP/1.1" 404 762
127.0.0.1 - - [01/Oct/2022:15:16:56 +0530] "GET / HTTP/1.1" 404 751
0:0:0:0:0:0:0:1 - - [01/Oct/2022:15:16:58 +0530] "GET /url-rewriting/GuestBook.html HTTP/1.1" 304 -
0:0:0:0:0:0:0:1 - - [01/Oct/2022:15:16:58 +0530] "GET /favicon.ico HTTP/1.1" 404 762
0:0:0:0:0:0:0:1 - - [01/Oct/2022:15:17:09 +0530] "POST /url-rewriting/step2 HTTP/1.1" 200 270
0:0:0:0:0:0:0:1 - - [01/Oct/2022:15:17:12 +0530] "GET /url-rewriting/savedata?guestName=Anitha%20Gnanasekaran&email=anithag1985@yahoo.co.in HTTP/1.1" 404 777
0:0:0:0:0:0:0:1 - - [01/Oct/2022:15:17:16 +0530] "GET /url-rewriting/preview?guestName=Anitha%20Gnanasekaran&email=anithag1985@yahoo.co.in HTTP/1.1" 200 298
0:0:0:0:0:0:0:1 - - [01/Oct/2022:15:17:19 +0530] "GET /url-rewriting/savedata?guestNameAnitha%20Gnanasekaran&email=anithag1985@yahoo.co.in HTTP/1.1" 404 777
127.0.0.1 - - [01/Oct/2022:15:33:26 +0530] "GET / HTTP/1.1" 404 751
0:0:0:0:0:0:0:1 - - [01/Oct/2022:15:33:27 +0530] "GET /favicon.ico HTTP/1.1" 404 762
0:0:0:0:0:0:0:1 - - [01/Oct/2022:15:34:53 +0530] "POST /servlet-web-component/login HTTP/1.1" 200 108
127.0.0.1 - - [01/Oct/2022:16:05:32 +0530] "GET / HTTP/1.1" 404 751
0:0:0:0:0:0:0:1 - - [01/Oct/2022:16:05:32 +0530] "GET /url-rewriting/ HTTP/1.1" 404 769
0:0:0:0:0:0:0:1 - - [01/Oct/2022:16:06:13 +0530] "GET /url-rewriting/ HTTP/1.1" 404 769
0:0:0:0:0:0:0:1 - - [01/Oct/2022:16:06:28 +0530] "POST /url-rewriting/step2 HTTP/1.1" 200 270
0:0:0:0:0:0:0:1 - - [01/Oct/2022:16:06:29 +0530] "GET /url-rewriting/preview?guestName=Anitha%20Gnanasekaran&email=anithag1985@yahoo.co.in HTTP/1.1" 200 298
127.0.0.1 - - [01/Oct/2022:16:22:27 +0530] "GET / HTTP/1.1" 404 751
0:0:0:0:0:0:0:1 - - [01/Oct/2022:16:22:27 +0530] "GET /cookie-session/ HTTP/1.1" 404 770
0:0:0:0:0:0:0:1 - - [01/Oct/2022:16:24:10 +0530] "GET /cookie-session/ HTTP/1.1" 404 770
0:0:0:0:0:0:0:1 - - [01/Oct/2022:16:24:20 +0530] "GET /cookie-session/GuestBook.html HTTP/1.1" 304 -
0:0:0:0:0:0:0:1 - - [01/Oct/2022:16:24:29 +0530] "POST /cookie-session/step2 HTTP/1.1" 500 1669
0:0:0:0:0:0:0:1 - - [01/Oct/2022:16:24:45 +0530] "POST /cookie-session/step2 HTTP/1.1" 500 1669
0:0:0:0:0:0:0:1 - - [01/Oct/2022:16:25:19 +0530] "POST /cookie-session/step2 HTTP/1.1" 200 230
0:0:0:0:0:0:0:1 - - [01/Oct/2022:16:25:31 +0530] "POST /cookie-session/preview HTTP/1.1" 200 288
0:0:0:0:0:0:0:1 - - [01/Oct/2022:16:25:45 +0530] "GET /cookie-session/preview HTTP/1.1" 405 751
0:0:0:0:0:0:0:1 - - [01/Oct/2022:16:27:30 +0530] "GET /cookie-session/ HTTP/1.1" 404 770
0:0:0:0:0:0:0:1 - - [01/Oct/2022:16:27:57 +0530] "GET /cookie-session/ HTTP/1.1" 404 770
0:0:0:0:0:0:0:1 - - [01/Oct/2022:16:28:13 +0530] "POST /cookie-session/step2 HTTP/1.1" 500 1669
0:0:0:0:0:0:0:1 - - [01/Oct/2022:16:28:16 +0530] "GET /cookie-session/step2 HTTP/1.1" 405 751
0:0:0:0:0:0:0:1 - - [01/Oct/2022:16:28:42 +0530] "GET /cookie-session/ HTTP/1.1" 404 770
0:0:0:0:0:0:0:1 - - [01/Oct/2022:16:28:57 +0530] "POST /cookie-session/step2 HTTP/1.1" 500 1669
0:0:0:0:0:0:0:1 - - [01/Oct/2022:16:29:38 +0530] "GET /cookie-session/ HTTP/1.1" 404 770
0:0:0:0:0:0:0:1 - - [01/Oct/2022:16:29:39 +0530] "GET /favicon.ico HTTP/1.1" 404 762
0:0:0:0:0:0:0:1 - - [01/Oct/2022:16:29:59 +0530] "POST /cookie-session/step2 HTTP/1.1" 200 232
0:0:0:0:0:0:0:1 - - [01/Oct/2022:16:30:11 +0530] "POST /cookie-session/preview HTTP/1.1" 200 291
0:0:0:0:0:0:0:1 - - [01/Oct/2022:16:30:20 +0530] "POST /cookie-session/savedata HTTP/1.1" 404 778
127.0.0.1 - - [01/Oct/2022:16:59:40 +0530] "GET / HTTP/1.1" 404 751
0:0:0:0:0:0:0:1 - - [01/Oct/2022:16:59:40 +0530] "GET /session-object/ HTTP/1.1" 404 770
0:0:0:0:0:0:0:1 - - [01/Oct/2022:16:59:47 +0530] "GET /session-object/ HTTP/1.1" 404 770
0:0:0:0:0:0:0:1 - - [01/Oct/2022:16:59:54 +0530] "GET /session-object/ HTTP/1.1" 404 770
0:0:0:0:0:0:0:1 - - [01/Oct/2022:17:00:05 +0530] "GET /session-object/GuestBook.html HTTP/1.1" 200 316
127.0.0.1 - - [01/Oct/2022:17:07:42 +0530] "GET / HTTP/1.1" 404 751
0:0:0:0:0:0:0:1 - - [01/Oct/2022:17:07:42 +0530] "GET /session-object/ HTTP/1.1" 404 770
0:0:0:0:0:0:0:1 - - [01/Oct/2022:17:08:02 +0530] "POST /session-object/step2 HTTP/1.1" 200 245
0:0:0:0:0:0:0:1 - - [01/Oct/2022:17:08:14 +0530] "POST /session-object/preview HTTP/1.1" 200 289
127.0.0.1 - - [01/Oct/2022:18:04:10 +0530] "GET / HTTP/1.1" 404 751
0:0:0:0:0:0:0:1 - - [01/Oct/2022:18:04:11 +0530] "GET /login-logout/login.html HTTP/1.1" 200 493
0:0:0:0:0:0:0:1 - - [01/Oct/2022:18:04:23 +0530] "POST /login-logout/login HTTP/1.1" 302 -
0:0:0:0:0:0:0:1 - - [01/Oct/2022:18:04:23 +0530] "GET /login-logout/welcome?name=Anitha HTTP/1.1" 404 775
0:0:0:0:0:0:0:1 - - [01/Oct/2022:18:05:02 +0530] "POST /login-logout/login HTTP/1.1" 200 539
127.0.0.1 - - [01/Oct/2022:18:15:40 +0530] "GET / HTTP/1.1" 404 751
0:0:0:0:0:0:0:1 - - [01/Oct/2022:18:15:40 +0530] "GET /login-logout/login.html HTTP/1.1" 304 -
0:0:0:0:0:0:0:1 - - [01/Oct/2022:18:15:56 +0530] "POST /login-logout/login HTTP/1.1" 302 -
0:0:0:0:0:0:0:1 - - [01/Oct/2022:18:15:56 +0530] "GET /login-logout/welcome?name=Anitha HTTP/1.1" 200 147
0:0:0:0:0:0:0:1 - - [01/Oct/2022:18:17:09 +0530] "GET /login-logout/welcome?name=Anitha HTTP/1.1" 200 147
0:0:0:0:0:0:0:1 - - [01/Oct/2022:18:17:11 +0530] "GET /login-logout/welcome?name=Anitha HTTP/1.1" 200 147
0:0:0:0:0:0:0:1 - - [01/Oct/2022:18:17:12 +0530] "GET /login-logout/welcome?name=Anitha HTTP/1.1" 200 147
127.0.0.1 - - [01/Oct/2022:18:17:49 +0530] "GET / HTTP/1.1" 404 751
0:0:0:0:0:0:0:1 - - [01/Oct/2022:18:17:55 +0530] "POST /login-logout/login HTTP/1.1" 302 -
0:0:0:0:0:0:0:1 - - [01/Oct/2022:18:17:55 +0530] "GET /login-logout/welcome?name=Anitha HTTP/1.1" 200 147
0:0:0:0:0:0:0:1 - - [01/Oct/2022:18:19:44 +0530] "GET /login-logout/welcome?name=Anitha HTTP/1.1" 200 147
0:0:0:0:0:0:0:1 - - [01/Oct/2022:18:20:00 +0530] "GET /login-logout/logout? HTTP/1.1" 404 774
127.0.0.1 - - [01/Oct/2022:18:25:38 +0530] "GET / HTTP/1.1" 404 751
0:0:0:0:0:0:0:1 - - [01/Oct/2022:18:25:39 +0530] "GET /login-logout/login.html HTTP/1.1" 304 -
0:0:0:0:0:0:0:1 - - [01/Oct/2022:18:25:46 +0530] "POST /login-logout/login HTTP/1.1" 302 -
0:0:0:0:0:0:0:1 - - [01/Oct/2022:18:25:46 +0530] "GET /login-logout/welcome?name=Anitha HTTP/1.1" 200 147
0:0:0:0:0:0:0:1 - - [01/Oct/2022:18:25:47 +0530] "GET /login-logout/logout? HTTP/1.1" 200 165
127.0.0.1 - - [01/Oct/2022:18:27:42 +0530] "GET / HTTP/1.1" 404 751
0:0:0:0:0:0:0:1 - - [01/Oct/2022:18:27:50 +0530] "POST /login-logout/login HTTP/1.1" 302 -
0:0:0:0:0:0:0:1 - - [01/Oct/2022:18:27:50 +0530] "GET /login-logout/welcome?name=Anitha HTTP/1.1" 200 147
0:0:0:0:0:0:0:1 - - [01/Oct/2022:18:27:51 +0530] "GET /login-logout/logout? HTTP/1.1" 200 55
127.0.0.1 - - [01/Oct/2022:19:53:37 +0530] "GET / HTTP/1.1" 404 751
0:0:0:0:0:0:0:1 - - [01/Oct/2022:19:53:37 +0530] "GET /jdbc-applications/test-connection HTTP/1.1" 200 33
0:0:0:0:0:0:0:1 - - [01/Oct/2022:19:53:38 +0530] "GET /favicon.ico HTTP/1.1" 404 762
127.0.0.1 - - [01/Oct/2022:20:01:24 +0530] "GET / HTTP/1.1" 404 751
0:0:0:0:0:0:0:1 - - [01/Oct/2022:20:01:25 +0530] "GET /jdbc-applications/test-connection HTTP/1.1" 200 33
127.0.0.1 - - [01/Oct/2022:20:44:59 +0530] "GET / HTTP/1.1" 404 751
0:0:0:0:0:0:0:1 - - [01/Oct/2022:20:45:00 +0530] "GET /jdbc-applications/ HTTP/1.1" 404 773
0:0:0:0:0:0:0:1 - - [01/Oct/2022:20:45:01 +0530] "GET /favicon.ico HTTP/1.1" 404 762
0:0:0:0:0:0:0:1 - - [01/Oct/2022:20:45:29 +0530] "GET /jdbc-applications/select HTTP/1.1" 200 -
127.0.0.1 - - [01/Oct/2022:20:46:57 +0530] "GET / HTTP/1.1" 404 751
0:0:0:0:0:0:0:1 - - [01/Oct/2022:20:46:57 +0530] "GET /jdbc-applications/select HTTP/1.1" 200 -
127.0.0.1 - - [01/Oct/2022:20:48:14 +0530] "GET / HTTP/1.1" 404 751
0:0:0:0:0:0:0:1 - - [01/Oct/2022:20:48:14 +0530] "GET /jdbc-applications/select HTTP/1.1" 200 -
127.0.0.1 - - [01/Oct/2022:20:52:31 +0530] "GET / HTTP/1.1" 404 751
0:0:0:0:0:0:0:1 - - [01/Oct/2022:20:52:31 +0530] "GET /jdbc-applications/select HTTP/1.1" 200 -
127.0.0.1 - - [01/Oct/2022:20:53:26 +0530] "GET / HTTP/1.1" 404 751
0:0:0:0:0:0:0:1 - - [01/Oct/2022:20:53:27 +0530] "GET /jdbc-applications/select HTTP/1.1" 200 -
0:0:0:0:0:0:0:1 - - [01/Oct/2022:20:54:46 +0530] "GET /jdbc-applications/select HTTP/1.1" 200 -
0:0:0:0:0:0:0:1 - - [01/Oct/2022:20:55:33 +0530] "GET /jdbc-applications/test-connection HTTP/1.1" 200 33
127.0.0.1 - - [01/Oct/2022:21:01:58 +0530] "GET / HTTP/1.1" 404 751
0:0:0:0:0:0:0:1 - - [01/Oct/2022:21:01:58 +0530] "GET /jdbc-applications/select HTTP/1.1" 200 -
0:0:0:0:0:0:0:1 - - [01/Oct/2022:21:02:07 +0530] "GET /jdbc-applications/select HTTP/1.1" 200 -
0:0:0:0:0:0:0:1 - - [01/Oct/2022:21:04:15 +0530] "GET /jdbc-applications/ HTTP/1.1" 404 773
0:0:0:0:0:0:0:1 - - [01/Oct/2022:21:04:26 +0530] "GET /jdbc-applications/select HTTP/1.1" 200 -
127.0.0.1 - - [01/Oct/2022:21:06:33 +0530] "GET / HTTP/1.1" 404 751
0:0:0:0:0:0:0:1 - - [01/Oct/2022:21:06:34 +0530] "GET /jdbc-applications/test-connection HTTP/1.1" 200 33
0:0:0:0:0:0:0:1 - - [01/Oct/2022:21:06:55 +0530] "GET /jdbc-applications/select HTTP/1.1" 200 -
127.0.0.1 - - [01/Oct/2022:21:09:05 +0530] "GET / HTTP/1.1" 404 751
0:0:0:0:0:0:0:1 - - [01/Oct/2022:21:09:06 +0530] "GET /jdbc-applications/select HTTP/1.1" 200 -
127.0.0.1 - - [01/Oct/2022:21:10:17 +0530] "GET / HTTP/1.1" 404 751
0:0:0:0:0:0:0:1 - - [01/Oct/2022:21:10:18 +0530] "GET /jdbc-applications/select HTTP/1.1" 200 447
127.0.0.1 - - [01/Oct/2022:21:43:34 +0530] "GET / HTTP/1.1" 404 751
0:0:0:0:0:0:0:1 - - [01/Oct/2022:21:43:36 +0530] "GET /jdbc-applications/insert HTTP/1.1" 200 -
127.0.0.1 - - [01/Oct/2022:21:44:25 +0530] "GET / HTTP/1.1" 404 751
0:0:0:0:0:0:0:1 - - [01/Oct/2022:21:44:27 +0530] "GET /jdbc-applications/insert HTTP/1.1" 200 -
127.0.0.1 - - [01/Oct/2022:21:45:51 +0530] "GET / HTTP/1.1" 404 751
0:0:0:0:0:0:0:1 - - [01/Oct/2022:21:45:52 +0530] "GET /jdbc-applications/insert HTTP/1.1" 200 25
127.0.0.1 - - [01/Oct/2022:21:48:44 +0530] "GET / HTTP/1.1" 404 751
0:0:0:0:0:0:0:1 - - [01/Oct/2022:21:48:45 +0530] "GET /jdbc-applications/insert HTTP/1.1" 200 25
0:0:0:0:0:0:0:1 - - [01/Oct/2022:21:49:08 +0530] "GET /jdbc-applications/select HTTP/1.1" 200 599
127.0.0.1 - - [01/Oct/2022:21:59:11 +0530] "GET / HTTP/1.1" 404 751
0:0:0:0:0:0:0:1 - - [01/Oct/2022:21:59:12 +0530] "GET /jdbc-applications/dll HTTP/1.1" 200 -
127.0.0.1 - - [01/Oct/2022:22:01:48 +0530] "GET / HTTP/1.1" 404 751
0:0:0:0:0:0:0:1 - - [01/Oct/2022:22:01:49 +0530] "GET /jdbc-applications/dll HTTP/1.1" 200 -
127.0.0.1 - - [01/Oct/2022:22:05:12 +0530] "GET / HTTP/1.1" 404 751
0:0:0:0:0:0:0:1 - - [01/Oct/2022:22:05:13 +0530] "GET /jdbc-applications/dll HTTP/1.1" 200 -
127.0.0.1 - - [01/Oct/2022:22:22:51 +0530] "GET / HTTP/1.1" 404 751
0:0:0:0:0:0:0:1 - - [01/Oct/2022:22:22:52 +0530] "GET /jdbc-applications/update HTTP/1.1" 200 25
127.0.0.1 - - [01/Oct/2022:22:38:12 +0530] "GET / HTTP/1.1" 404 751
0:0:0:0:0:0:0:1 - - [01/Oct/2022:22:38:13 +0530] "GET /jdbc-applications/delete HTTP/1.1" 200 25
